[
  {
    "property": "http://schema.org/identifier",
    "severity": "error",
    "shape": "https://schema.org/validation#Thing"
  }
]